// Jest Snapshot v1, https://goo.gl/fbAQLP

exports[`EmptyState should match snapshot 1`] = `
<div
  class="flex flex-col items-center justify-center py-16 px-4 text-center"
  role="status"
>
  <div
    class="mb-6 p-6 rounded-full bg-secondary/10"
  >
    <svg
      aria-hidden="true"
      class="w-16 h-16 text-secondary"
      fill="none"
      stroke="currentColor"
      viewBox="0 0 24 24"
    >
      <path
        d="M3 12l2-2m0 0l7-7 7 7M5 10v10a1 1 0 001 1h3m10-11l2 2m-2-2v10a1 1 0 01-1 1h-3m-6 0a1 1 0 001-1v-4a1 1 0 011-1h2a1 1 0 011 1v4a1 1 0 001 1m-6 0h6"
        stroke-linecap="round"
        stroke-linejoin="round"
        stroke-width="1.5"
      />
    </svg>
  </div>
  <h3
    class="text-2xl font-semibold text-foreground mb-3"
  >
    No Properties Found
  </h3>
  <p
    class="text-secondary max-w-md mb-6"
  >
    We couldn't find any properties matching your criteria. Try adjusting your filters.
  </p>
</div>
`;
