// Jest Snapshot v1, https://goo.gl/fbAQLP

exports[`NotFound should match snapshot 1`] = `
<div
  class="min-h-[60vh] flex items-center justify-center px-4"
>
  <div
    class="text-center max-w-md"
  >
    <div
      class="mb-8 flex justify-center"
    >
      <div
        class="w-24 h-24 rounded-full bg-secondary/10 flex items-center justify-center"
      >
        <svg
          aria-hidden="true"
          class="lucide lucide-search w-8 h-8 text-secondary"
          fill="none"
          height="24"
          stroke="currentColor"
          stroke-linecap="round"
          stroke-linejoin="round"
          stroke-width="2"
          viewBox="0 0 24 24"
          width="24"
          xmlns="http://www.w3.org/2000/svg"
        >
          <path
            d="m21 21-4.34-4.34"
          />
          <circle
            cx="11"
            cy="11"
            r="8"
          />
        </svg>
      </div>
    </div>
    <h1
      class="text-4xl font-bold text-foreground mb-4"
    >
      404
    </h1>
    <h2
      class="text-2xl font-semibold text-foreground mb-3"
    >
      Property Not Found
    </h2>
    <p
      class="text-secondary mb-8"
    >
      We couldn't find the property you're looking for. It may have been removed or is no longer available.
    </p>
    <div
      class="flex flex-col sm:flex-row gap-3 justify-center"
    >
      <a
        href="/properties"
      >
        <button
          class="inline-flex items-center justify-center rounded-md font-medium transition-all duration-200 focus:outline-none focus:ring-2 focus:ring-offset-2 disabled:opacity-50 disabled:cursor-not-allowed bg-accent text-white hover:bg-accent/90 focus:ring-accent h-10 px-4 text-sm w-full sm:w-auto"
        >
          <svg
            aria-hidden="true"
            class="lucide lucide-house w-4 h-4 text-current mr-2"
            fill="none"
            height="24"
            stroke="currentColor"
            stroke-linecap="round"
            stroke-linejoin="round"
            stroke-width="2"
            viewBox="0 0 24 24"
            width="24"
            xmlns="http://www.w3.org/2000/svg"
          >
            <path
              d="M15 21v-8a1 1 0 0 0-1-1h-4a1 1 0 0 0-1 1v8"
            />
            <path
              d="M3 10a2 2 0 0 1 .709-1.528l7-6a2 2 0 0 1 2.582 0l7 6A2 2 0 0 1 21 10v9a2 2 0 0 1-2 2H5a2 2 0 0 1-2-2z"
            />
          </svg>
          Back to Properties
        </button>
      </a>
    </div>
  </div>
</div>
`;
