// Jest Snapshot v1, https://goo.gl/fbAQLP

exports[`Pagination should match snapshot 1`] = `
<nav
  aria-label="Pagination"
  role="navigation"
>
  <div
    class="flex items-center justify-center space-x-2"
  >
    <button
      aria-label="Previous page"
      class="inline-flex items-center justify-center rounded-md font-medium transition-all duration-200 focus:outline-none focus:ring-2 focus:ring-offset-2 disabled:opacity-50 disabled:cursor-not-allowed border border-border text-foreground hover:bg-secondary/5 focus:ring-accent h-8 px-3 text-sm"
    >
      <svg
        aria-hidden="true"
        class="lucide lucide-chevron-left w-4 h-4 text-current"
        fill="none"
        height="24"
        stroke="currentColor"
        stroke-linecap="round"
        stroke-linejoin="round"
        stroke-width="2"
        viewBox="0 0 24 24"
        width="24"
        xmlns="http://www.w3.org/2000/svg"
      >
        <path
          d="m15 18-6-6 6-6"
        />
      </svg>
      Previous
    </button>
    <div
      class="flex items-center space-x-1"
    >
      <button
        aria-label="Page 1"
        class="inline-flex items-center justify-center rounded-md font-medium transition-all duration-200 focus:outline-none focus:ring-2 focus:ring-offset-2 disabled:opacity-50 disabled:cursor-not-allowed border border-border text-foreground hover:bg-secondary/5 focus:ring-accent h-8 px-3 text-sm"
      >
        1
      </button>
      <button
        aria-current="page"
        aria-label="Page 2"
        class="inline-flex items-center justify-center rounded-md font-medium transition-all duration-200 focus:outline-none focus:ring-2 focus:ring-offset-2 disabled:opacity-50 disabled:cursor-not-allowed bg-accent text-white hover:bg-accent/90 focus:ring-accent h-8 px-3 text-sm pointer-events-none"
      >
        2
      </button>
      <button
        aria-label="Page 3"
        class="inline-flex items-center justify-center rounded-md font-medium transition-all duration-200 focus:outline-none focus:ring-2 focus:ring-offset-2 disabled:opacity-50 disabled:cursor-not-allowed border border-border text-foreground hover:bg-secondary/5 focus:ring-accent h-8 px-3 text-sm"
      >
        3
      </button>
      <button
        aria-label="Page 4"
        class="inline-flex items-center justify-center rounded-md font-medium transition-all duration-200 focus:outline-none focus:ring-2 focus:ring-offset-2 disabled:opacity-50 disabled:cursor-not-allowed border border-border text-foreground hover:bg-secondary/5 focus:ring-accent h-8 px-3 text-sm"
      >
        4
      </button>
      <button
        aria-label="Page 5"
        class="inline-flex items-center justify-center rounded-md font-medium transition-all duration-200 focus:outline-none focus:ring-2 focus:ring-offset-2 disabled:opacity-50 disabled:cursor-not-allowed border border-border text-foreground hover:bg-secondary/5 focus:ring-accent h-8 px-3 text-sm"
      >
        5
      </button>
    </div>
    <button
      aria-label="Next page"
      class="inline-flex items-center justify-center rounded-md font-medium transition-all duration-200 focus:outline-none focus:ring-2 focus:ring-offset-2 disabled:opacity-50 disabled:cursor-not-allowed border border-border text-foreground hover:bg-secondary/5 focus:ring-accent h-8 px-3 text-sm"
    >
      Next
      <svg
        aria-hidden="true"
        class="lucide lucide-chevron-right w-4 h-4 text-current"
        fill="none"
        height="24"
        stroke="currentColor"
        stroke-linecap="round"
        stroke-linejoin="round"
        stroke-width="2"
        viewBox="0 0 24 24"
        width="24"
        xmlns="http://www.w3.org/2000/svg"
      >
        <path
          d="m9 18 6-6-6-6"
        />
      </svg>
    </button>
  </div>
</nav>
`;
