// Jest Snapshot v1, https://goo.gl/fbAQLP

exports[`PropertyDetailSkeleton should match snapshot 1`] = `
<div
  class="min-h-screen bg-background"
>
  <div
    class="max-w-7xl mx-auto px-4 sm:px-6 lg:px-8 py-8"
  >
    <div
      class="mb-6"
    >
      <div
        aria-label="Loading..."
        class="bg-gradient-to-r from-secondary/20 via-secondary/30 to-secondary/20 bg-[length:200%_100%] rounded-md animate-[shimmer_2s_infinite] h-10 w-20 mb-4"
        role="status"
      />
      <div
        class="flex items-center space-x-2"
      >
        <div
          aria-label="Loading..."
          class="bg-gradient-to-r from-secondary/20 via-secondary/30 to-secondary/20 bg-[length:200%_100%] rounded-md animate-[shimmer_2s_infinite] h-4 w-12"
          role="status"
        />
        <div
          aria-label="Loading..."
          class="bg-gradient-to-r from-secondary/20 via-secondary/30 to-secondary/20 bg-[length:200%_100%] rounded-md animate-[shimmer_2s_infinite] h-4 w-2"
          role="status"
        />
        <div
          aria-label="Loading..."
          class="bg-gradient-to-r from-secondary/20 via-secondary/30 to-secondary/20 bg-[length:200%_100%] rounded-md animate-[shimmer_2s_infinite] h-4 w-16"
          role="status"
        />
        <div
          aria-label="Loading..."
          class="bg-gradient-to-r from-secondary/20 via-secondary/30 to-secondary/20 bg-[length:200%_100%] rounded-md animate-[shimmer_2s_infinite] h-4 w-2"
          role="status"
        />
        <div
          aria-label="Loading..."
          class="bg-gradient-to-r from-secondary/20 via-secondary/30 to-secondary/20 bg-[length:200%_100%] rounded-md animate-[shimmer_2s_infinite] h-4 w-24"
          role="status"
        />
      </div>
    </div>
    <div
      class="grid grid-cols-1 lg:grid-cols-3 gap-8"
    >
      <div
        class="lg:col-span-2 space-y-6"
      >
        <div
          class="relative h-[400px] md:h-[500px] rounded-lg overflow-hidden bg-secondary/10"
        >
          <div
            aria-label="Loading..."
            class="bg-gradient-to-r from-secondary/20 via-secondary/30 to-secondary/20 bg-[length:200%_100%] rounded-md animate-[shimmer_2s_infinite] w-full h-full"
            role="status"
          />
          <div
            class="absolute top-4 left-4"
          >
            <div
              aria-label="Loading..."
              class="bg-gradient-to-r from-secondary/20 via-secondary/30 to-secondary/20 bg-[length:200%_100%] animate-[shimmer_2s_infinite] h-6 w-16 rounded-full"
              role="status"
            />
          </div>
        </div>
        <div>
          <div
            aria-label="Loading..."
            class="bg-gradient-to-r from-secondary/20 via-secondary/30 to-secondary/20 bg-[length:200%_100%] rounded-md animate-[shimmer_2s_infinite] h-10 w-3/4 mb-4"
            role="status"
          />
          <div
            class="mb-6"
          >
            <div
              aria-label="Loading..."
              class="bg-gradient-to-r from-secondary/20 via-secondary/30 to-secondary/20 bg-[length:200%_100%] rounded-md animate-[shimmer_2s_infinite] h-8 w-32 mb-3"
              role="status"
            />
            <div
              class="flex items-start gap-2"
            >
              <div
                aria-label="Loading..."
                class="bg-gradient-to-r from-secondary/20 via-secondary/30 to-secondary/20 bg-[length:200%_100%] rounded-md animate-[shimmer_2s_infinite] h-5 w-5 mt-1"
                role="status"
              />
              <div
                class="flex-1"
              >
                <div
                  aria-label="Loading..."
                  class="bg-gradient-to-r from-secondary/20 via-secondary/30 to-secondary/20 bg-[length:200%_100%] rounded-md animate-[shimmer_2s_infinite] h-4 w-full mb-1"
                  role="status"
                />
                <div
                  aria-label="Loading..."
                  class="bg-gradient-to-r from-secondary/20 via-secondary/30 to-secondary/20 bg-[length:200%_100%] rounded-md animate-[shimmer_2s_infinite] h-4 w-1/2"
                  role="status"
                />
              </div>
            </div>
          </div>
          <div
            class="p-4 bg-card border border-border rounded-lg"
          >
            <div
              class="grid grid-cols-2 md:grid-cols-4 gap-4"
            >
              <div
                class="flex items-center gap-2"
              >
                <div
                  aria-label="Loading..."
                  class="bg-gradient-to-r from-secondary/20 via-secondary/30 to-secondary/20 bg-[length:200%_100%] rounded-md animate-[shimmer_2s_infinite] h-5 w-5"
                  role="status"
                />
                <div
                  aria-label="Loading..."
                  class="bg-gradient-to-r from-secondary/20 via-secondary/30 to-secondary/20 bg-[length:200%_100%] rounded-md animate-[shimmer_2s_infinite] h-4 w-16"
                  role="status"
                />
              </div>
              <div
                class="flex items-center gap-2"
              >
                <div
                  aria-label="Loading..."
                  class="bg-gradient-to-r from-secondary/20 via-secondary/30 to-secondary/20 bg-[length:200%_100%] rounded-md animate-[shimmer_2s_infinite] h-5 w-5"
                  role="status"
                />
                <div
                  aria-label="Loading..."
                  class="bg-gradient-to-r from-secondary/20 via-secondary/30 to-secondary/20 bg-[length:200%_100%] rounded-md animate-[shimmer_2s_infinite] h-4 w-16"
                  role="status"
                />
              </div>
              <div
                class="flex items-center gap-2"
              >
                <div
                  aria-label="Loading..."
                  class="bg-gradient-to-r from-secondary/20 via-secondary/30 to-secondary/20 bg-[length:200%_100%] rounded-md animate-[shimmer_2s_infinite] h-5 w-5"
                  role="status"
                />
                <div
                  aria-label="Loading..."
                  class="bg-gradient-to-r from-secondary/20 via-secondary/30 to-secondary/20 bg-[length:200%_100%] rounded-md animate-[shimmer_2s_infinite] h-4 w-16"
                  role="status"
                />
              </div>
              <div
                class="flex items-center gap-2"
              >
                <div
                  aria-label="Loading..."
                  class="bg-gradient-to-r from-secondary/20 via-secondary/30 to-secondary/20 bg-[length:200%_100%] rounded-md animate-[shimmer_2s_infinite] h-5 w-5"
                  role="status"
                />
                <div
                  aria-label="Loading..."
                  class="bg-gradient-to-r from-secondary/20 via-secondary/30 to-secondary/20 bg-[length:200%_100%] rounded-md animate-[shimmer_2s_infinite] h-4 w-16"
                  role="status"
                />
              </div>
            </div>
          </div>
        </div>
        <div
          class="card-elevated p-6"
        >
          <div
            aria-label="Loading..."
            class="bg-gradient-to-r from-secondary/20 via-secondary/30 to-secondary/20 bg-[length:200%_100%] rounded-md animate-[shimmer_2s_infinite] h-6 w-32 mb-4"
            role="status"
          />
          <div
            class="space-y-3"
          >
            <div
              aria-label="Loading..."
              class="bg-gradient-to-r from-secondary/20 via-secondary/30 to-secondary/20 bg-[length:200%_100%] rounded-md animate-[shimmer_2s_infinite] h-4 w-full"
              role="status"
            />
            <div
              aria-label="Loading..."
              class="bg-gradient-to-r from-secondary/20 via-secondary/30 to-secondary/20 bg-[length:200%_100%] rounded-md animate-[shimmer_2s_infinite] h-4 w-full"
              role="status"
            />
            <div
              aria-label="Loading..."
              class="bg-gradient-to-r from-secondary/20 via-secondary/30 to-secondary/20 bg-[length:200%_100%] rounded-md animate-[shimmer_2s_infinite] h-4 w-3/4"
              role="status"
            />
            <div
              aria-label="Loading..."
              class="bg-gradient-to-r from-secondary/20 via-secondary/30 to-secondary/20 bg-[length:200%_100%] rounded-md animate-[shimmer_2s_infinite] h-4 w-5/6"
              role="status"
            />
          </div>
        </div>
        <div
          class="card-elevated p-6"
        >
          <div
            aria-label="Loading..."
            class="bg-gradient-to-r from-secondary/20 via-secondary/30 to-secondary/20 bg-[length:200%_100%] rounded-md animate-[shimmer_2s_infinite] h-6 w-32 mb-4"
            role="status"
          />
          <div
            class="grid grid-cols-1 md:grid-cols-2 gap-4"
          >
            <div
              class="border-b border-border pb-3"
            >
              <div
                aria-label="Loading..."
                class="bg-gradient-to-r from-secondary/20 via-secondary/30 to-secondary/20 bg-[length:200%_100%] rounded-md animate-[shimmer_2s_infinite] h-3 w-20 mb-1"
                role="status"
              />
              <div
                aria-label="Loading..."
                class="bg-gradient-to-r from-secondary/20 via-secondary/30 to-secondary/20 bg-[length:200%_100%] rounded-md animate-[shimmer_2s_infinite] h-4 w-24"
                role="status"
              />
            </div>
            <div
              class="border-b border-border pb-3"
            >
              <div
                aria-label="Loading..."
                class="bg-gradient-to-r from-secondary/20 via-secondary/30 to-secondary/20 bg-[length:200%_100%] rounded-md animate-[shimmer_2s_infinite] h-3 w-20 mb-1"
                role="status"
              />
              <div
                aria-label="Loading..."
                class="bg-gradient-to-r from-secondary/20 via-secondary/30 to-secondary/20 bg-[length:200%_100%] rounded-md animate-[shimmer_2s_infinite] h-4 w-24"
                role="status"
              />
            </div>
            <div
              class="border-b border-border pb-3"
            >
              <div
                aria-label="Loading..."
                class="bg-gradient-to-r from-secondary/20 via-secondary/30 to-secondary/20 bg-[length:200%_100%] rounded-md animate-[shimmer_2s_infinite] h-3 w-20 mb-1"
                role="status"
              />
              <div
                aria-label="Loading..."
                class="bg-gradient-to-r from-secondary/20 via-secondary/30 to-secondary/20 bg-[length:200%_100%] rounded-md animate-[shimmer_2s_infinite] h-4 w-24"
                role="status"
              />
            </div>
            <div
              class="border-b border-border pb-3"
            >
              <div
                aria-label="Loading..."
                class="bg-gradient-to-r from-secondary/20 via-secondary/30 to-secondary/20 bg-[length:200%_100%] rounded-md animate-[shimmer_2s_infinite] h-3 w-20 mb-1"
                role="status"
              />
              <div
                aria-label="Loading..."
                class="bg-gradient-to-r from-secondary/20 via-secondary/30 to-secondary/20 bg-[length:200%_100%] rounded-md animate-[shimmer_2s_infinite] h-4 w-24"
                role="status"
              />
            </div>
            <div
              class="border-b border-border pb-3"
            >
              <div
                aria-label="Loading..."
                class="bg-gradient-to-r from-secondary/20 via-secondary/30 to-secondary/20 bg-[length:200%_100%] rounded-md animate-[shimmer_2s_infinite] h-3 w-20 mb-1"
                role="status"
              />
              <div
                aria-label="Loading..."
                class="bg-gradient-to-r from-secondary/20 via-secondary/30 to-secondary/20 bg-[length:200%_100%] rounded-md animate-[shimmer_2s_infinite] h-4 w-24"
                role="status"
              />
            </div>
            <div
              class="border-b border-border pb-3"
            >
              <div
                aria-label="Loading..."
                class="bg-gradient-to-r from-secondary/20 via-secondary/30 to-secondary/20 bg-[length:200%_100%] rounded-md animate-[shimmer_2s_infinite] h-3 w-20 mb-1"
                role="status"
              />
              <div
                aria-label="Loading..."
                class="bg-gradient-to-r from-secondary/20 via-secondary/30 to-secondary/20 bg-[length:200%_100%] rounded-md animate-[shimmer_2s_infinite] h-4 w-24"
                role="status"
              />
            </div>
          </div>
        </div>
      </div>
      <div
        class="lg:col-span-1"
      >
        <div
          class="card-elevated p-6 sticky top-8"
        >
          <div
            class="mb-6"
          >
            <div
              aria-label="Loading..."
              class="bg-gradient-to-r from-secondary/20 via-secondary/30 to-secondary/20 bg-[length:200%_100%] rounded-md animate-[shimmer_2s_infinite] h-8 w-32"
              role="status"
            />
          </div>
          <div
            class="space-y-4 mb-6"
          >
            <div
              class="flex items-center justify-between py-3 border-b border-border"
            >
              <div
                aria-label="Loading..."
                class="bg-gradient-to-r from-secondary/20 via-secondary/30 to-secondary/20 bg-[length:200%_100%] rounded-md animate-[shimmer_2s_infinite] h-4 w-20"
                role="status"
              />
              <div
                aria-label="Loading..."
                class="bg-gradient-to-r from-secondary/20 via-secondary/30 to-secondary/20 bg-[length:200%_100%] rounded-md animate-[shimmer_2s_infinite] h-4 w-16"
                role="status"
              />
            </div>
            <div
              class="flex items-center justify-between py-3 border-b border-border"
            >
              <div
                aria-label="Loading..."
                class="bg-gradient-to-r from-secondary/20 via-secondary/30 to-secondary/20 bg-[length:200%_100%] rounded-md animate-[shimmer_2s_infinite] h-4 w-20"
                role="status"
              />
              <div
                aria-label="Loading..."
                class="bg-gradient-to-r from-secondary/20 via-secondary/30 to-secondary/20 bg-[length:200%_100%] rounded-md animate-[shimmer_2s_infinite] h-4 w-16"
                role="status"
              />
            </div>
            <div
              class="flex items-center justify-between py-3 border-b border-border"
            >
              <div
                aria-label="Loading..."
                class="bg-gradient-to-r from-secondary/20 via-secondary/30 to-secondary/20 bg-[length:200%_100%] rounded-md animate-[shimmer_2s_infinite] h-4 w-20"
                role="status"
              />
              <div
                aria-label="Loading..."
                class="bg-gradient-to-r from-secondary/20 via-secondary/30 to-secondary/20 bg-[length:200%_100%] rounded-md animate-[shimmer_2s_infinite] h-4 w-16"
                role="status"
              />
            </div>
          </div>
          <div
            class="space-y-3"
          >
            <div
              aria-label="Loading..."
              class="bg-gradient-to-r from-secondary/20 via-secondary/30 to-secondary/20 bg-[length:200%_100%] rounded-md animate-[shimmer_2s_infinite] h-12 w-full"
              role="status"
            />
            <div
              aria-label="Loading..."
              class="bg-gradient-to-r from-secondary/20 via-secondary/30 to-secondary/20 bg-[length:200%_100%] rounded-md animate-[shimmer_2s_infinite] h-12 w-full"
              role="status"
            />
          </div>
        </div>
      </div>
    </div>
  </div>
</div>
`;
