// Jest Snapshot v1, https://goo.gl/fbAQLP

exports[`PropertyCard should match snapshot 1`] = `
<article
  class="card-elevated overflow-hidden group cursor-pointer"
  role="article"
>
  <div
    class="relative h-64 overflow-hidden bg-secondary/10"
  >
    <img
      alt="Modern Luxury Villa"
      class="object-cover transition-transform duration-500 group-hover:scale-110"
      sizes="(max-width: 768px) 100vw, (max-width: 1200px) 50vw, 33vw"
      src="https://example.com/image.jpg"
    />
    <div
      class="absolute top-4 left-4 bg-card/95 backdrop-blur-sm px-3 py-1.5 rounded-md shadow-sm"
    >
      <span
        class="text-xs font-medium text-foreground"
      >
        Villa
      </span>
    </div>
  </div>
  <div
    class="p-6"
  >
    <div
      class="mb-3"
    >
      <p
        class="text-3xl font-semibold text-accent"
      >
        $2,800,000
      </p>
    </div>
    <h3
      class="text-xl font-semibold text-foreground mb-2 line-clamp-1 group-hover:text-accent transition-colors"
    >
      Modern Luxury Villa
    </h3>
    <div
      class="flex items-start gap-2 mb-4"
    >
      <svg
        aria-hidden="true"
        class="w-5 h-5 text-secondary flex-shrink-0 mt-0.5"
        fill="none"
        stroke="currentColor"
        viewBox="0 0 24 24"
      >
        <path
          d="M17.657 16.657L13.414 20.9a1.998 1.998 0 01-2.827 0l-4.244-4.243a8 8 0 1111.314 0z"
          stroke-linecap="round"
          stroke-linejoin="round"
          stroke-width="2"
        />
        <path
          d="M15 11a3 3 0 11-6 0 3 3 0 016 0z"
          stroke-linecap="round"
          stroke-linejoin="round"
          stroke-width="2"
        />
      </svg>
      <div
        class="flex-1 min-w-0"
      >
        <p
          class="text-sm text-secondary line-clamp-2"
        >
          1247 Sunset Boulevard
        </p>
        <p
          class="text-sm font-medium text-foreground mt-0.5"
        >
          Los Angeles
        </p>
      </div>
    </div>
    <div
      class="flex items-center gap-4 pt-4 border-t border-border"
    >
      <div
        class="flex items-center gap-1.5"
        title="5 Bedrooms"
      >
        <svg
          aria-hidden="true"
          class="w-4 h-4 text-secondary"
          fill="none"
          stroke="currentColor"
          viewBox="0 0 24 24"
        >
          <path
            d="M3 12l2-2m0 0l7-7 7 7M5 10v10a1 1 0 001 1h3m10-11l2 2m-2-2v10a1 1 0 01-1 1h-3m-6 0a1 1 0 001-1v-4a1 1 0 011-1h2a1 1 0 011 1v4a1 1 0 001 1m-6 0h6"
            stroke-linecap="round"
            stroke-linejoin="round"
            stroke-width="2"
          />
        </svg>
        <span
          class="text-sm text-foreground font-medium"
        >
          5
           
          <span
            class="text-secondary font-normal"
          >
            bd
          </span>
        </span>
      </div>
      <div
        class="flex items-center gap-1.5"
        title="4 Bathrooms"
      >
        <svg
          aria-hidden="true"
          class="w-4 h-4 text-secondary"
          fill="none"
          stroke="currentColor"
          viewBox="0 0 24 24"
        >
          <path
            d="M8 14v3m4-3v3m4-3v3M3 21h18M3 10h18M3 7l9-4 9 4M4 10h16v11H4V10z"
            stroke-linecap="round"
            stroke-linejoin="round"
            stroke-width="2"
          />
        </svg>
        <span
          class="text-sm text-foreground font-medium"
        >
          4
           
          <span
            class="text-secondary font-normal"
          >
            ba
          </span>
        </span>
      </div>
      <div
        class="flex items-center gap-1.5"
        title="84 m²"
      >
        <svg
          aria-hidden="true"
          class="w-4 h-4 text-secondary"
          fill="none"
          stroke="currentColor"
          viewBox="0 0 24 24"
        >
          <path
            d="M4 8V4m0 0h4M4 4l5 5m11-1V4m0 0h-4m4 0l-5 5M4 16v4m0 0h4m-4 0l5-5m11 5l-5-5m5 5v-4m0 4h-4"
            stroke-linecap="round"
            stroke-linejoin="round"
            stroke-width="2"
          />
        </svg>
        <span
          class="text-sm text-foreground font-medium"
        >
          84
           
          <span
            class="text-secondary font-normal"
          >
            m²
          </span>
        </span>
      </div>
    </div>
  </div>
</article>
`;
